788da21e7c1b5818b7e7b60f7eb75841057ff7e45d362cc223336c606fe47f27