1792a11e64ee1a5c981ead2f7a4a05695b503d700ce6d3e50c8373a1f08e1210