7edfaf2fe00b46d7e92808f666df37f04834b51b8672fb898a0e041be9080c96