a31f513b77c99f40444f60a9cf95b2b127b2fc6f11074eab952e442002eaac1f