c1f03c1b1b4bf0141f9014ffe527758c36721ec0fe3d87abd1ec700e2da3e891