0d31c6742239b4eed81ea89a2fe4dd66bb327794641f58c62b76b0f93f07d22e