0774629ece7ea4e21bddf47fa7fabc2ff5efa4dcc58509006f8fdc96d7d1c900