51e162d4f09e7b0f47f709ccd0bf0084fd6cface26bbbad484869fc49df6e5ec