b95eee0297a2d8ffd11f9c351a9a5a9b4243d806df4734b39100207044b91a0e