9104a767449b0a7d9c2bbe341548f3bea6c4ef6556059b3b6b1869909b372f88