ba652fcab4d8ac7fe2e1930768b80e5494b0d5ca0c25a5f713070b5431134709