92d3ad5fa90c754fa63ee93a3b6fcf383c1b447cf37628d571054e52a2df50c2