73d09c3efcb2a2787737b3fc33fd6eefd0635fe3b26fda59ca3d43e5c39f9028