61809980b80872ace2a83b5d16b698b6526002d2364adccc2836e8f75d2c5b88