5ff9575c5ecfb760e2a683fe88361ee55314b854a70e338a5caba55dbe8c57d9