2ba0fedf30942a4641a51f7ad5e5bcd38732e3ea798afe64fe37aa1a0b6ce532