7ef53f28840b94a86d34eab03e2a1c9f6e607cc36527844de5dde44ee7d3aa82