3ddeb2984e64c885cfc03e09be4d0efdb665250fd1d8a7ebbec7aa847e74055e