ef2801ff5349d5d2c319fbda60e19e23f6b92cee10c7449f6e0c2c503cb955cc