32855fe6027fb27cdf71251d6c3022866de602b1377aa8c99613120db3bb7427