d02dfb7fd25c7a3bbdc99f72f990baea14c0075233e40b6e8907e150b0d6d2bf