3ca9a6fdff99300db164b892fb7e592d7e75ac548f70c9aaef7cd86542702639