0399ffb1d3430b59af6f75ef2f663ba93bace7dd5204aea9a314b7b6fe656aa5