745a7073f383cb486ff7667b5d326a7fa02e8025942f802f17cd60f381dd849b