c685ece0668aebe63b5605849942e40593a2dc143c42e742f660253908539def