1e132d0b4c54416f6a1bf39a7214b6c12a6929104075ab2976d706fc8dec7a5f