89b7b576615887651a316abac300b02ea242c581643426d34ad9afb1eab435b4