462801e978cf3cc6f69a403ae033a7e4bd8a05cf5d7be357c9f91f03af1edbed