828994c07f34eb468456b038744e41422ef53d30a047a4335e32e9d62218f291